// Jest Snapshot v1, https://goo.gl/fbAQLP

exports[`testing card rendered properly 1`] = `
<div
  className="movie-card flex flex-col xl:mb-6 lg:mb-6 md:mb-5 mb-4  xl:p-3 lg:p-3 md:p-2 p-2"
>
  <LazyImage
    alt=""
    className="mb-1"
    src=""
  />
  <div />
  <div
    className="play-button"
  >
    <div
      className="play"
    />
  </div>
</div>
`;
